Microsoft (R) Macro Assembler Version 14.29.30139.0	    08/13/22 21:41:52
<Project Six: Dolby Uses String Primitives & Macros     (Pro  Page 1 - 1


				TITLE Project Six: Dolby Uses String Primitives & Macros     (Proj6_maesz.asm)

				; Author: Zachary Maes
				; Last Modified: August 13, 2022
				; OSU email address: maesz@oregonstate.edu
				; Course number/section:   CS271 Section 400
				; Project Number: 6                Due Date: August 12, 2022
				; Description: Two macros (mGetString and mDisplayString) are implemented first and then tested inside main. These macros use ReadString to get input from 
				;		the user and Writestring to display the saved user inputted data. These macros are invoked within two procedures called ReadVal and WriteVal.
				;		ReadVal converts the ASCII digit string data gathered by the mGetString macro to its SDWORD numeric value representation, validates that the data 
				;       has no letters or symbols (only numbers) and then stores/returns the value in a memory variable. WriteVal serves to convert the numeric SDWORD value 
				;		from ReadVal back to an ASCII digit string, and then print it by invoking the mDisplayString macro. Finally, test program exists within the main 
				;		procedure that loops through ReadVal 10 times to collect 10 valid integer strings and store within an array. WriteVal will be used afterwards to
				;		display the integers, and the test code will also display the sum and a trucated average (only integer, no decimal). 

				;		Notes from Canvas:
				;			-only non number ASCII chars allowed are ones that indicate sign (+ / -), everything else mus be a number
				;			-ReadInt, ReadDec, WriteInt, WriteDec are NOT allowed.
				;			-Conversion routines must LODSB and/or STOSB to handle strings
				;			-STDCall parameter stack passing required
				;			-Prompt strings must be passed by reference to macros (don't define the string within the macro i'm assuming)
				;			-Don't forget to clean the stack frame with ret [num]
				;			-MUST USE:
				;				-register indirect addressing for integer SDWORD array elements.
				;				-base+offest addressing for accessing parameters on the stack.
				;			-procs may use local variables (read about these) and constants by name, but NOT data segment variables

				;		OTHER NOTES:
				;			-assume that the total sum of the valid ints will fit inside a 32 bit register
				;			-testing with positive and negative values
				;			-truncate (drop the decimal value) of the calculated average


				INCLUDE Irvine32.inc
			      C ; Include file for Irvine32.lib             (Irvine32.inc)
			      C 
			      C ;OPTION CASEMAP:NONE		; optional: make identifiers case-sensitive
			      C 
			      C INCLUDE SmallWin.inc		; MS-Windows prototypes, structures, and constants
			      C .NOLIST
			      C .LIST
			      C 
			      C INCLUDE VirtualKeys.inc
			      C ; VirtualKeys.inc
			      C .NOLIST
			      C .LIST
			      C 
			      C 
			      C .NOLIST
			      C .LIST
			      C 

				; (insert macro definitions here)
				; ---------------------------------------------------------------------------------
				; Name: mGetString
				;
				; Displays the prompt input parameter to the user and collects their keyboard input into
				;	a location in memory (the output). 
				;
				; Preconditions: prompt, emptyStr, and counter values must be established variables
				;		within .data section and passed to this macro.
				;
				; Receives:
				;		FOR READSTRING:
				;		-EDX as address of buffer
				;		-ECX as sizeof buffer
				;
				;
				; returns: counter number of read strings, user inputted string (emptyString)
				; ---------------------------------------------------------------------------------
				mGetString MACRO prompt, emptyStr, counter	
					PUSH EDX
					PUSH ECX
					PUSH EAX

					MOV EDX, prompt
					CALL WriteString

					MOV EDX, emptyStr			; point to buffer
					MOV ECX, SIZEOF emptyStr	; specify max characters
					CALL ReadString				; input the string
					MOV counter, EAX			; number of characters read is saved


					POP EAX
					POP ECX
					POP EDX
					
				ENDM



				; ---------------------------------------------------------------------------------
				; Name: mDisplayString
				;
				; Prints the string that is stored in the passed memory location
				;
				; Preconditions: string_input must be defined string in .data section
				;
				; Receives:	string_input passed in parameter
				;
				;
				; returns: Writes the string_input to the terminal.
				; ---------------------------------------------------------------------------------
				mDisplayString MACRO string_input
					PUSH EDX
					MOV EDX, OFFSET string_input
					CALL WriteString
					CALL CrLf
					POP EDX
				ENDM

				; (insert constant definitions here)

 00000000			.data
				; (insert variable definitions here)
 00000000 50 72 6F 6A 65	introduction_1		 BYTE "Project Six: Dolby Uses String Primitives & Macros :)",0
	   63 74 20 53 69
	   78 3A 20 44 6F
	   6C 62 79 20 55
	   73 65 73 20 53
	   74 72 69 6E 67
	   20 50 72 69 6D
	   69 74 69 76 65
	   73 20 26 20 4D
	   61 63 72 6F 73
	   20 3A 29 00
 00000036 57 72 69 74 74	introduction_2		 BYTE "Written By: Zachary Maes		Starring: D.O.L.B.Y. Digit Only Looping Bot Yielder",0
	   65 6E 20 42 79
	   3A 20 5A 61 63
	   68 61 72 79 20
	   4D 61 65 73 09
	   09 53 74 61 72
	   72 69 6E 67 3A
	   20 44 2E 4F 2E
	   4C 2E 42 2E 59
	   2E 20 44 69 67
	   69 74 20 4F 6E
	   6C 79 20 4C 6F
	   6F 70 69 6E 67
	   20 42 6F 74 20
	   59 69 65 6C 64
	   65 72 00

 00000084 44 6F 6C 62 79	instruction_0		 BYTE "Dolby kindly greets master and requests that they please read the instructions carefully.",0
	   20 6B 69 6E 64
	   6C 79 20 67 72
	   65 65 74 73 20
	   6D 61 73 74 65
	   72 20 61 6E 64
	   20 72 65 71 75
	   65 73 74 73 20
	   74 68 61 74 20
	   74 68 65 79 20
	   70 6C 65 61 73
	   65 20 72 65 61
	   64 20 74 68 65
	   20 69 6E 73 74
	   72 75 63 74 69
	   6F 6E 73 20 63
	   61 72 65 66 75
	   6C 6C 79 2E 00
 000000DE 44 6F 6C 62 79	instruction_1		 BYTE "Dolby would like master to please input 10 different signed decimal values into the terminal formatted with one or more of the following options:",0
	   20 77 6F 75 6C
	   64 20 6C 69 6B
	   65 20 6D 61 73
	   74 65 72 20 74
	   6F 20 70 6C 65
	   61 73 65 20 69
	   6E 70 75 74 20
	   31 30 20 64 69
	   66 66 65 72 65
	   6E 74 20 73 69
	   67 6E 65 64 20
	   64 65 63 69 6D
	   61 6C 20 76 61
	   6C 75 65 73 20
	   69 6E 74 6F 20
	   74 68 65 20 74
	   65 72 6D 69 6E
	   61 6C 20 66 6F
	   72 6D 61 74 74
	   65 64 20 77 69
	   74 68 20 6F 6E
	   65 20 6F 72 20
	   6D 6F 72 65 20
	   6F 66 20 74 68
	   65 20 66 6F 6C
	   6C 6F 77 69 6E
	   67 20 6F 70 74
	   69 6F 6E 73 3A
	   00
 00000170 09 09 7C 20 31	instruction_2		 BYTE "		| 156 | +45 | -760 | 0 |",0
	   35 36 20 7C 20
	   2B 34 35 20 7C
	   20 2D 37 36 30
	   20 7C 20 30 20
	   7C 00
 0000018B 44 6F 6C 62 79	instruction_3		 BYTE "Dolby requires that each number must fit within a 32 bit register (Dolby begs master to not make them too large!)",0
	   20 72 65 71 75
	   69 72 65 73 20
	   74 68 61 74 20
	   65 61 63 68 20
	   6E 75 6D 62 65
	   72 20 6D 75 73
	   74 20 66 69 74
	   20 77 69 74 68
	   69 6E 20 61 20
	   33 32 20 62 69
	   74 20 72 65 67
	   69 73 74 65 72
	   20 28 44 6F 6C
	   62 79 20 62 65
	   67 73 20 6D 61
	   73 74 65 72 20
	   74 6F 20 6E 6F
	   74 20 6D 61 6B
	   65 20 74 68 65
	   6D 20 74 6F 6F
	   20 6C 61 72 67
	   65 21 29 00
 000001FD 49 6E 76 61 6C	instruction_4		 BYTE "Invalid inputs will not be excepted by Dolby and master will kindly need to try again after the error message.",0
	   69 64 20 69 6E
	   70 75 74 73 20
	   77 69 6C 6C 20
	   6E 6F 74 20 62
	   65 20 65 78 63
	   65 70 74 65 64
	   20 62 79 20 44
	   6F 6C 62 79 20
	   61 6E 64 20 6D
	   61 73 74 65 72
	   20 77 69 6C 6C
	   20 6B 69 6E 64
	   6C 79 20 6E 65
	   65 64 20 74 6F
	   20 74 72 79 20
	   61 67 61 69 6E
	   20 61 66 74 65
	   72 20 74 68 65
	   20 65 72 72 6F
	   72 20 6D 65 73
	   73 61 67 65 2E
	   00
 0000026C 54 68 65 20 6F	instruction_5		 BYTE "The only non number ASCII characters accepted by Dolby will be the (+) or (-) symbols.",0
	   6E 6C 79 20 6E
	   6F 6E 20 6E 75
	   6D 62 65 72 20
	   41 53 43 49 49
	   20 63 68 61 72
	   61 63 74 65 72
	   73 20 61 63 63
	   65 70 74 65 64
	   20 62 79 20 44
	   6F 6C 62 79 20
	   77 69 6C 6C 20
	   62 65 20 74 68
	   65 20 28 2B 29
	   20 6F 72 20 28
	   2D 29 20 73 79
	   6D 62 6F 6C 73
	   2E 00
 000002C3 41 66 74 65 72	instruction_6		 BYTE "After input, Dolby, with masters permission, will use magic to display values like a list of your inputs, their sum, and their mean value (truncated).",0
	   20 69 6E 70 75
	   74 2C 20 44 6F
	   6C 62 79 2C 20
	   77 69 74 68 20
	   6D 61 73 74 65
	   72 73 20 70 65
	   72 6D 69 73 73
	   69 6F 6E 2C 20
	   77 69 6C 6C 20
	   75 73 65 20 6D
	   61 67 69 63 20
	   74 6F 20 64 69
	   73 70 6C 61 79
	   20 76 61 6C 75
	   65 73 20 6C 69
	   6B 65 20 61 20
	   6C 69 73 74 20
	   6F 66 20 79 6F
	   75 72 20 69 6E
	   70 75 74 73 2C
	   20 74 68 65 69
	   72 20 73 75 6D
	   2C 20 61 6E 64
	   20 74 68 65 69
	   72 20 6D 65 61
	   6E 20 76 61 6C
	   75 65 20 28 74
	   72 75 6E 63 61
	   74 65 64 29 2E
	   00

 0000035A 44 6F 6C 62 79	user_prompt_1		 BYTE "Dolby asks master to please enter one of master's chosen signed numbers: ",0
	   20 61 73 6B 73
	   20 6D 61 73 74
	   65 72 20 74 6F
	   20 70 6C 65 61
	   73 65 20 65 6E
	   74 65 72 20 6F
	   6E 65 20 6F 66
	   20 6D 61 73 74
	   65 72 27 73 20
	   63 68 6F 73 65
	   6E 20 73 69 67
	   6E 65 64 20 6E
	   75 6D 62 65 72
	   73 3A 20 00
 000003A4 45 52 52 4F 52	user_error_message	 BYTE "ERROR: Dolby does not mean to yell at master, but master has entered the wrong value! Only signed numbers please!",0
	   3A 20 44 6F 6C
	   62 79 20 64 6F
	   65 73 20 6E 6F
	   74 20 6D 65 61
	   6E 20 74 6F 20
	   79 65 6C 6C 20
	   61 74 20 6D 61
	   73 74 65 72 2C
	   20 62 75 74 20
	   6D 61 73 74 65
	   72 20 68 61 73
	   20 65 6E 74 65
	   72 65 64 20 74
	   68 65 20 77 72
	   6F 6E 67 20 76
	   61 6C 75 65 21
	   20 4F 6E 6C 79
	   20 73 69 67 6E
	   65 64 20 6E 75
	   6D 62 65 72 73
	   20 70 6C 65 61
	   73 65 21 00
 00000416 49 74 27 73 20	user_error_prompt	 BYTE "It's okay, Dolby believes that master CAN and WILL find success! Try again: ",0
	   6F 6B 61 79 2C
	   20 44 6F 6C 62
	   79 20 62 65 6C
	   69 65 76 65 73
	   20 74 68 61 74
	   20 6D 61 73 74
	   65 72 20 43 41
	   4E 20 61 6E 64
	   20 57 49 4C 4C
	   20 66 69 6E 64
	   20 73 75 63 63
	   65 73 73 21 20
	   54 72 79 20 61
	   67 61 69 6E 3A
	   20 00

 00000463 47 72 65 61 74	display_message_1	 BYTE "Great care was taken by Dolby to provide master with these sensitive values.",0 
	   20 63 61 72 65
	   20 77 61 73 20
	   74 61 6B 65 6E
	   20 62 79 20 44
	   6F 6C 62 79 20
	   74 6F 20 70 72
	   6F 76 69 64 65
	   20 6D 61 73 74
	   65 72 20 77 69
	   74 68 20 74 68
	   65 73 65 20 73
	   65 6E 73 69 74
	   69 76 65 20 76
	   61 6C 75 65 73
	   2E 00
 000004B0 44 6F 6C 62 79	display_message_2    BYTE "Dolby takes great pleasure in serving master! Dolby appreciates master for not striking him with the Nimbus 3000",0
	   20 74 61 6B 65
	   73 20 67 72 65
	   61 74 20 70 6C
	   65 61 73 75 72
	   65 20 69 6E 20
	   73 65 72 76 69
	   6E 67 20 6D 61
	   73 74 65 72 21
	   20 44 6F 6C 62
	   79 20 61 70 70
	   72 65 63 69 61
	   74 65 73 20 6D
	   61 73 74 65 72
	   20 66 6F 72 20
	   6E 6F 74 20 73
	   74 72 69 6B 69
	   6E 67 20 68 69
	   6D 20 77 69 74
	   68 20 74 68 65
	   20 4E 69 6D 62
	   75 73 20 33 30
	   30 30 00
 00000521 4D 61 73 74 65	list_display_message BYTE "Master's valid entered numbers are listed by Dolby below!",0
	   72 27 73 20 76
	   61 6C 69 64 20
	   65 6E 74 65 72
	   65 64 20 6E 75
	   6D 62 65 72 73
	   20 61 72 65 20
	   6C 69 73 74 65
	   64 20 62 79 20
	   44 6F 6C 62 79
	   20 62 65 6C 6F
	   77 21 00
 0000055B 54 68 65 20 73	sum_message			 BYTE "The sum of all values is: ",0
	   75 6D 20 6F 66
	   20 61 6C 6C 20
	   76 61 6C 75 65
	   73 20 69 73 3A
	   20 00
 00000576 54 68 65 20 6D	mean_message		 BYTE "The mean of all values (yes it is truncated!) is: ",0
	   65 61 6E 20 6F
	   66 20 61 6C 6C
	   20 76 61 6C 75
	   65 73 20 28 79
	   65 73 20 69 74
	   20 69 73 20 74
	   72 75 6E 63 61
	   74 65 64 21 29
	   20 69 73 3A 20
	   00

 000005A9 44 6F 6C 62 79	farewell_message	 BYTE "Dolby is finally free! Master has blessed Dolby with the most generous of gifts ... an old shirt from goodwill!",0
	   20 69 73 20 66
	   69 6E 61 6C 6C
	   79 20 66 72 65
	   65 21 20 4D 61
	   73 74 65 72 20
	   68 61 73 20 62
	   6C 65 73 73 65
	   64 20 44 6F 6C
	   62 79 20 77 69
	   74 68 20 74 68
	   65 20 6D 6F 73
	   74 20 67 65 6E
	   65 72 6F 75 73
	   20 6F 66 20 67
	   69 66 74 73 20
	   2E 2E 2E 20 61
	   6E 20 6F 6C 64
	   20 73 68 69 72
	   74 20 66 72 6F
	   6D 20 67 6F 6F
	   64 77 69 6C 6C
	   21 00

 00000619  00000032 [		collected_string	 BYTE 50 DUP(0)			; collected user string input buffer
	    00
	   ]
 0000064B 00000000		string_byte_counter  DWORD ?				; holds counter

 0000064F 00000000		converted_int		 DWORD ?				; stores the converted int from ReadVal
 00000653  0000000A [		store_array			 DWORD 10 DUP(?)		; stores all 10 converted ints
	    00000000
	   ]



 00000000			.code
 00000000			main PROC
				; (insert executable instructions here)

				; PROGRAM INTRODUCTION
 00000000  68 00000000 R		PUSH OFFSET introduction_1				; push introduction and instruction strings to the stack for use in Introduction Proc
 00000005  68 00000036 R		PUSH OFFSET introduction_2
 0000000A  68 00000084 R		PUSH OFFSET instruction_0
 0000000F  68 000000DE R		PUSH OFFSET instruction_1
 00000014  68 00000170 R		PUSH OFFSET instruction_2
 00000019  68 0000018B R		PUSH OFFSET instruction_3
 0000001E  68 000001FD R		PUSH OFFSET instruction_4
 00000023  68 0000026C R		PUSH OFFSET instruction_5
 00000028  68 000002C3 R		PUSH OFFSET instruction_6
 0000002D  E8 000000EB			Call Introduction

				; ReadVal Procedure.....put a loop on it!
 00000032  B9 0000000A			MOV ECX, 10								;ReadVal loop counter
 00000037  BF 00000653 R		MOV EDI, OFFSET store_array				; point edi to beginning of array...THIS IS NOT WORKING!!!!!
					
 0000003C				_10ReadValLoops:
 0000003C  FF 35 0000064F R			PUSH converted_int					; a place to store the converted ints
 00000042  68 0000035A R			PUSH OFFSET user_prompt_1			
 00000047  68 00000619 R			PUSH OFFSET collected_string		; inputted string
 0000004C  FF 35 0000064B R			PUSH string_byte_counter			; lenght of collected string
 00000052  68 000003A4 R			PUSH OFFSET user_error_message
 00000057  68 00000416 R			PUSH OFFSET user_error_prompt
 0000005C  E8 000000E7				Call ReadVal
						MOV [EDI], converted_int			; save in array...why does this not work!!!!!!!!!!!!!!!!!
Proj6_maesz.asm(159) : error A2070:invalid instruction operands
 00000061  83 C7 04				ADD EDI, 4							; increment array pointer

 00000064  E2 D6				LOOP _10ReadValLoops


				; WriteVal
 00000066  68 00000653 R		PUSH OFFSET store_array
 0000006B  68 00000619 R		PUSH OFFSET collected_string
 00000070  E8 00000172			Call WriteVal
 00000075  E8 00000000 E		CALL CrLf

 0000007A  BA 00000463 R		MOV EDX, OFFSET display_message_1		  ; Write out the final collected values here
 0000007F  E8 00000000 E		CALL CrLf
 00000084  E8 00000000 E		CALL WriteString
 00000089  E8 00000000 E		CALL CrLf
					
 0000008E  BA 000004B0 R		MOV EDX, OFFSET display_message_2
 00000093  E8 00000000 E		CALL CrLf
 00000098  E8 00000000 E		CALL WriteString
 0000009D  E8 00000000 E		CALL CrLf
					
 000000A2  BA 00000521 R		MOV EDX, OFFSET list_display_message
 000000A7  E8 00000000 E		CALL CrLf
 000000AC  E8 00000000 E		CALL WriteString
 000000B1  E8 00000000 E		CALL CrLf

 000000B6  B9 0000000A			MOV ECX, 10									; loop through string, print, and calculate values
 000000BB  B8 00000000			MOV EAX, 0									; set up accumulator
 000000C0				loopingLooper:
 000000C0  BA 00000653 R			MOV EDX, OFFSET store_array
 000000C5  E8 00000000 E			CALL WriteString
 000000CA  03 C2				ADD EAX, EDX							; accumulate sum
 000000CC  E2 F2			LOOP loopingLooper

 000000CE  BA 0000055B R		MOV EDX, OFFSET sum_message
 000000D3  E8 00000000 E		CALL CrLf
 000000D8  E8 00000000 E		CALL WriteString
 000000DD  E8 00000000 E		CALL CrLf

 000000E2  E8 00000000 E		CALL WriteDec								; EAX already holds sum here, print eax sum
					
 000000E7  BA 00000576 R		MOV EDX, OFFSET mean_message
 000000EC  E8 00000000 E		CALL CrLf
 000000F1  E8 00000000 E		CALL WriteString
 000000F6  E8 00000000 E		CALL CrLf

 000000FB  BB 0000000A			MOV EBX, 10									; set up divisor as 10
 00000100  F7 FB			IDIV EBX									; divide EAX sum value by 10 to get the mean
							 

				; FAREWELL
 00000102  BA 000005A9 R	MOV EDX, OFFSET farewell_message
 00000107  E8 00000000 E	CALL CrLf
 0000010C  E8 00000000 E	CALL WriteString
 00000111  E8 00000000 E	CALL CrLf


				; Write a test program in main which uses the ReadVal and WriteVal procedures

					Invoke ExitProcess,0	; exit to operating system
 00000116  6A 00	   *	    push   +000000000h
 00000118  E8 00000000 E   *	    call   ExitProcess
 0000011D			main ENDP

				; (insert additional procedures here)

				; ---------------------------------------------------------------------------------
				; Name: Introduction
				;
				; Introduces the program and instructions to the user.
				;
				; Preconditions: all introduction strings must be defined in data and pushed to stack.
				;
				; Postconditions: N/A
				;
				; Receives: 
				;		[EBP+8]  = OFFSET instruction_6
				;		[EBP+12] = OFFSET instruction_5
				;		[EBP+16] = OFFSET instruction_4
				;		[EBP+20] = OFFSET instruction_3
				;		[EBP+24] = OFFSET instruction_2
				;		[EBP+28] = OFFSET instruction_1
				;		[EBP+32] = OFFSET instruction_0
				;		[EBP+36] = OFFSET introduction_2
				;		[EBP+40] = OFFSET introduction_1
				;
				; Returns: Writes strings to the terminal.
				; ---------------------------------------------------------------------------------
 0000011D			Introduction PROC
 0000011D  55				PUSH EBP					; Base Pointer	
 0000011E  8B EC			MOV  EBP, ESP	
 00000120  60				PUSHAD						; Preserve all registers

 00000121  B9 00000009			MOV ECX, 9					; set loop counter
 00000126  BB 00000028			MOV EBX, 40					; set base offset

 0000012B				_introLoop:
 0000012B  8B 54 1D 00				MOV EDX, [EBP+EBX]
 0000012F  E8 00000000 E			CALL WriteString
 00000134  E8 00000000 E			CALL CrLf
 00000139  E8 00000000 E			CALL CrLf
 0000013E  83 EB 04				SUB EBX, 4
 00000141  E2 E8				LOOP _introLoop

 00000143  61				POPAD   
 00000144  5D				POP EBP
 00000145  C2 0024			RET	36
 00000148			Introduction ENDP

				; ---------------------------------------------------------------------------------
				; Name: ReadVal
				;
				; ReadVal invokes the mGetString macro to get a string from the user. It then validates 
				;		if the string input can be converted to a number. If not, it asks the user to 
				;		input a new number string.
				;
				; Preconditions: areas in memory where string will be saved are initialized.
				;		prompts are initialized in data, string_byte_counter initialized.
				;
				; Postconditions: N/A
				;
				; Receives: 
				;		[EBP+28] = converted_int
				;		[EBP+24] = OFFSET user_prompt_1
				;		[EBP+20] = OFFSET collected_string
				;		[EBP+16] = string_byte_counter
				;		[EBP+12] = OFFSET user_error_message
				;		[EBP+8] = OFFSET user_error_prompt
				;		Call ReadVal
				;
				; Returns: returns the converted sdword number
				; ---------------------------------------------------------------------------------
 00000148			ReadVal PROC
 00000148  55				PUSH EBP
 00000149  8B EC			MOV  EBP, ESP
 0000014B  60				PUSHAD

 0000014C				_getString:
						;I also tried this and directly inputting register in macro
						;MOV EAX, [EBP+24]					; offset user_prompt_1, 
						;MOV EDX, [EBP+20]					; offset collected_string, 
						;MOV ECX, [EBP+16]					; string_byte_counter
						
					mGetString [EBP+24], [EBP+20], [EBP+16]					; offset user_prompt_1, offset collected_string, string_byte_counter
 0000014C  52		     1		PUSH EDX
 0000014D  51		     1		PUSH ECX
 0000014E  50		     1		PUSH EAX
 0000014F  8B 55 18	     1		MOV EDX, [EBP+24]
 00000152  E8 00000000 E     1		CALL WriteString
 00000157  8B 55 14	     1		MOV EDX, [EBP+20]			; point to buffer
			     1		MOV ECX, SIZEOF [EBP+20]	; specify max characters
Proj6_maesz.asm(301) : error A2081:missing operand after unary operator
 mGetString(9): Macro Called From
  Proj6_maesz.asm(301): Main Line Code
 0000015A  E8 00000000 E     1		CALL ReadString				; input the string
 0000015F  89 45 10	     1		MOV [EBP+16], EAX			; number of characters read is saved
 00000162  58		     1		POP EAX
 00000163  59		     1		POP ECX
 00000164  5A		     1		POP EDX

 00000170					_errorStart:
 00000170  8B 75 14					MOV ESI, [EBP+20]								; reference to start of string
 00000173  8B 4D 10					MOV ECX, [EBP+16]								; set counter
 00000176  B8 00000000					MOV EAX, 0										; clear eax for al use
 0000017B  BA 00000000					MOV EDX, 0										; set up where to save int
					
 00000180				_validateString:
																		; convert the string to sdword 
 00000180  FC					CLD												; clear direction flag and run LODSB
 00000181  AC					LODSB	

 00000182  3C 30				CMP AL, 48
 00000184  7C 1B				JL	_errorGetString					; check for 0

 00000186  3C 39				CMP AL, 57
 00000188  7F 17				JG _errorGetString					; check for 9

 0000018A  2C 30				SUB AL, 48				
 0000018C  03 C2				ADD EAX, EDX						; add edx (old mul 10 value, set to 0 initially) to eax (current pull)

 0000018E  83 F9 01				CMP ECX, 1							; check if a next number happens with exc counter
 00000191  7F 02				JG _anotherVal	
 00000193  74 4A				JE _lastVal

 00000195					_anotherVal:		
 00000195  BB 0000000A					MOV EBX, 10						; add 10 to ebx for use in MUL instruction
 0000019A  F7 E3					MUL EBX							; multiply EAX by EBX(10)
 0000019C  8B D0					MOV EDX, EAX					; saved answer in eax moved to edx for later use
 0000019E  49						DEC ECX							; decrement counter
 0000019F  EB DF					JMP _validateString				; go up and find next val

 000001A1				_errorGetString:
 000001A1  8B 55 0C				MOV EDX, [EBP+12]					; user_error_message
 000001A4  E8 00000000 E			CALL WriteString
 000001A9  E8 00000000 E			CALL CrLf
 000001AE  E8 00000000 E			CALL CrLf

 000001B3  8B 45 08				MOV EAX, [EBP+8]					; OFFSET user_error_prompt 
 000001B6  8B 55 14				MOV EDX, [EBP+20]					; offset collected_string, 
 000001B9  8B 4D 10				MOV ECX, [EBP+16]					; string_byte_counter
						

						mGetString EAX, EDX, ECX			; OFFSET user_error_prompt, offset collected_string, string_byte_counter
 000001BC  52		     1		PUSH EDX
 000001BD  51		     1		PUSH ECX
 000001BE  50		     1		PUSH EAX
 000001BF  8B D0	     1		MOV EDX, EAX
 000001C1  E8 00000000 E     1		CALL WriteString
 000001C6  8B D2	     1		MOV EDX, EDX			; point to buffer
			     1		MOV ECX, SIZEOF EDX	; specify max characters
Proj6_maesz.asm(345) : error A2009:syntax error in expression
 mGetString(9): Macro Called From
  Proj6_maesz.asm(345): Main Line Code
 000001C8  E8 00000000 E     1		CALL ReadString				; input the string
 000001CD  8B C8	     1		MOV ECX, EAX			; number of characters read is saved
 000001CF  58		     1		POP EAX
 000001D0  59		     1		POP ECX
 000001D1  5A		     1		POP EDX
						

 000001D2  EB 9C				JMP _errorStart						; jump back up and move on withe the validation process

 000001DF				_lastVal:
 000001DF  89 45 1C				MOV [EBP+28], EAX					; why is this not working!!!!!!!!
						

 000001E2  61				POPAD
 000001E3  5D				POP EBP
 000001E4  C2 0018			RET 24
 000001E7			ReadVal ENDP

				; ---------------------------------------------------------------------------------
				; Name: WriteVal
				;
				; Converts the inputted sdword numeric values to ascii digits and displays them with 
				;the mDisplayString macro, while also saving them in data.
				;
				; Preconditions: inputted strings by user, the store_array is also referenced
				;
				; Postconditions: stores the ascii strings in an array to be used for data display
				;
				; Receives: 
				;			+12 PUSH OFFSET store_array
				;			+8 PUSH OFFSET collected_string
				;			+4 Call WriteVal
				;
				; Returns: returns a Writestring instruction and store_array
				; ---------------------------------------------------------------------------------
 000001E7			WriteVal PROC
 000001E7  55				PUSH EBP
 000001E8  8B EC			MOV  EBP, ESP
 000001EA  60				PUSHAD

 000001EB  8B 75 0C			MOV ESI, [EBP+12]								; reference to start of string store array
 000001EE  B9 0000000A			MOV ECX, 10										; set counter
 000001F3  B8 00000000			MOV EAX, 0										; clear eax for al use
 000001F8  BA 00000000			MOV EDX, 0										; set up where to save int
					
					; Do Conversion back to acsii
 000001FD				_convertBack:
 000001FD  FC					CLD
 000001FE  AC					LODSB

 000001FF  66| 99				CWD
 00000201  BB 0000000A				MOV EBX, 10									; set up divisor 10
 00000206  F7 FB				IDIV EBX									; divide EAX by 10
						
 00000208  83 C0 30				ADD EAX, 48									; convert back to ascii

 0000020B  89 06				MOV [ESI], EAX								; move string back into place in the store array

						mDisplayString EAX							; print macro
 0000020D  52		     1		PUSH EDX
			     1		MOV EDX, OFFSET EAX
Proj6_maesz.asm(399) : error A2032:invalid use of register
 mDisplayString(2): Macro Called From
  Proj6_maesz.asm(399): Main Line Code
 0000020E  E8 00000000 E     1		CALL WriteString
 00000213  E8 00000000 E     1		CALL CrLf
 00000218  5A		     1		POP EDX

 00000219  E2 E2				LOOP _convertBack

 0000021B  61				POPAD
 0000021C  5D				POP EBP
 0000021D  C2 0008			RET 8
 00000220			WriteVal ENDP

				END main 


				; YAY FOR SPAGHETTI CODE!
Microsoft (R) Macro Assembler Version 14.29.30139.0	    08/13/22 21:41:52
<Project Six: Dolby Uses String Primitives & Macros     (Pro  Symbols 2 - 1




Macros:

                N a m e                 Type

mDisplayString . . . . . . . . .	Proc
mGetString . . . . . . . . . . .	Proc


Structures and Unions:

                N a m e                  Size
                                         Offset      Type

CONSOLE_CURSOR_INFO  . . . . . .	 00000008
  dwSize . . . . . . . . . . . .	 00000000	 DWord
  bVisible . . . . . . . . . . .	 00000004	 DWord
CONSOLE_SCREEN_BUFFER_INFO . . .	 00000016
  dwSize . . . . . . . . . . . .	 00000000	 DWord
  dwCursorPosition . . . . . . .	 00000004	 DWord
  wAttributes  . . . . . . . . .	 00000008	 Word
  srWindow . . . . . . . . . . .	 0000000A	 QWord
  dwMaximumWindowSize  . . . . .	 00000012	 DWord
COORD  . . . . . . . . . . . . .	 00000004
  X  . . . . . . . . . . . . . .	 00000000	 Word
  Y  . . . . . . . . . . . . . .	 00000002	 Word
FILETIME . . . . . . . . . . . .	 00000008
  loDateTime . . . . . . . . . .	 00000000	 DWord
  hiDateTime . . . . . . . . . .	 00000004	 DWord
FOCUS_EVENT_RECORD . . . . . . .	 00000004
  bSetFocus  . . . . . . . . . .	 00000000	 DWord
FPU_ENVIRON  . . . . . . . . . .	 0000001C
  controlWord  . . . . . . . . .	 00000000	 Word
  statusWord . . . . . . . . . .	 00000004	 Word
  tagWord  . . . . . . . . . . .	 00000008	 Word
  instrPointerOffset . . . . . .	 0000000C	 DWord
  instrPointerSelector . . . . .	 00000010	 DWord
  operandPointerOffset . . . . .	 00000014	 DWord
  operandPointerSelector . . . .	 00000018	 Word
INPUT_RECORD . . . . . . . . . .	 00000014
  EventType  . . . . . . . . . .	 00000000	 Word
  Event  . . . . . . . . . . . .	 00000004	 XmmWord
  bKeyDown . . . . . . . . . . .	 00000000	 DWord
  wRepeatCount . . . . . . . . .	 00000004	 Word
  wVirtualKeyCode  . . . . . . .	 00000006	 Word
  wVirtualScanCode . . . . . . .	 00000008	 Word
  uChar  . . . . . . . . . . . .	 0000000A	 Word
  UnicodeChar  . . . . . . . . .	 00000000	 Word
  AsciiChar  . . . . . . . . . .	 00000000	 Byte
  dwControlKeyState  . . . . . .	 0000000C	 DWord
  dwMousePosition  . . . . . . .	 00000000	 DWord
  dwButtonState  . . . . . . . .	 00000004	 DWord
  dwMouseControlKeyState . . . .	 00000008	 DWord
  dwEventFlags . . . . . . . . .	 0000000C	 DWord
  dwSize . . . . . . . . . . . .	 00000000	 DWord
  dwCommandId  . . . . . . . . .	 00000000	 DWord
  bSetFocus  . . . . . . . . . .	 00000000	 DWord
KEY_EVENT_RECORD . . . . . . . .	 00000010
  bKeyDown . . . . . . . . . . .	 00000000	 DWord
  wRepeatCount . . . . . . . . .	 00000004	 Word
  wVirtualKeyCode  . . . . . . .	 00000006	 Word
  wVirtualScanCode . . . . . . .	 00000008	 Word
  uChar  . . . . . . . . . . . .	 0000000A	 Word
  UnicodeChar  . . . . . . . . .	 00000000	 Word
  AsciiChar  . . . . . . . . . .	 00000000	 Byte
  dwControlKeyState  . . . . . .	 0000000C	 DWord
MENU_EVENT_RECORD  . . . . . . .	 00000004
  dwCommandId  . . . . . . . . .	 00000000	 DWord
MOUSE_EVENT_RECORD . . . . . . .	 00000010
  dwMousePosition  . . . . . . .	 00000000	 DWord
  dwButtonState  . . . . . . . .	 00000004	 DWord
  dwMouseControlKeyState . . . .	 00000008	 DWord
  dwEventFlags . . . . . . . . .	 0000000C	 DWord
SMALL_RECT . . . . . . . . . . .	 00000008
  Left . . . . . . . . . . . . .	 00000000	 Word
  Top  . . . . . . . . . . . . .	 00000002	 Word
  Right  . . . . . . . . . . . .	 00000004	 Word
  Bottom . . . . . . . . . . . .	 00000006	 Word
SYSTEMTIME . . . . . . . . . . .	 00000010
  wYear  . . . . . . . . . . . .	 00000000	 Word
  wMonth . . . . . . . . . . . .	 00000002	 Word
  wDayOfWeek . . . . . . . . . .	 00000004	 Word
  wDay . . . . . . . . . . . . .	 00000006	 Word
  wHour  . . . . . . . . . . . .	 00000008	 Word
  wMinute  . . . . . . . . . . .	 0000000A	 Word
  wSecond  . . . . . . . . . . .	 0000000C	 Word
  wMilliseconds  . . . . . . . .	 0000000E	 Word
WINDOW_BUFFER_SIZE_RECORD  . . .	 00000004
  dwSize . . . . . . . . . . . .	 00000000	 DWord


Segments and Groups:

                N a m e                 Size     Length   Align   Combine Class

FLAT . . . . . . . . . . . . . .	GROUP
STACK  . . . . . . . . . . . . .	32 Bit	 00001000 Para	  Stack	  'STACK'	 
_DATA  . . . . . . . . . . . . .	32 Bit	 0000067B Para	  Public  'DATA'	
_TEXT  . . . . . . . . . . . . .	32 Bit	 0000022B Para	  Public  'CODE'	


Procedures, parameters, and locals:

                N a m e                 Type     Value    Attr

CloseFile  . . . . . . . . . . .	P Near	 00000000 FLAT	Length= 00000000 External STDCALL
CloseHandle  . . . . . . . . . .	P Near	 00000000 FLAT	Length= 00000000 External STDCALL
Clrscr . . . . . . . . . . . . .	P Near	 00000000 FLAT	Length= 00000000 External STDCALL
CreateFileA  . . . . . . . . . .	P Near	 00000000 FLAT	Length= 00000000 External STDCALL
CreateOutputFile . . . . . . . .	P Near	 00000000 FLAT	Length= 00000000 External STDCALL
Crlf . . . . . . . . . . . . . .	P Near	 00000000 FLAT	Length= 00000000 External STDCALL
Delay  . . . . . . . . . . . . .	P Near	 00000000 FLAT	Length= 00000000 External STDCALL
DumpMem  . . . . . . . . . . . .	P Near	 00000000 FLAT	Length= 00000000 External STDCALL
DumpRegs . . . . . . . . . . . .	P Near	 00000000 FLAT	Length= 00000000 External STDCALL
ExitProcess  . . . . . . . . . .	P Near	 00000000 FLAT	Length= 00000000 External STDCALL
FileTimeToDosDateTime  . . . . .	P Near	 00000000 FLAT	Length= 00000000 External STDCALL
FileTimeToSystemTime . . . . . .	P Near	 00000000 FLAT	Length= 00000000 External STDCALL
FlushConsoleInputBuffer  . . . .	P Near	 00000000 FLAT	Length= 00000000 External STDCALL
FormatMessageA . . . . . . . . .	P Near	 00000000 FLAT	Length= 00000000 External STDCALL
GetCommandLineA  . . . . . . . .	P Near	 00000000 FLAT	Length= 00000000 External STDCALL
GetCommandTail . . . . . . . . .	P Near	 00000000 FLAT	Length= 00000000 External STDCALL
GetConsoleCP . . . . . . . . . .	P Near	 00000000 FLAT	Length= 00000000 External STDCALL
GetConsoleCursorInfo . . . . . .	P Near	 00000000 FLAT	Length= 00000000 External STDCALL
GetConsoleMode . . . . . . . . .	P Near	 00000000 FLAT	Length= 00000000 External STDCALL
GetConsoleScreenBufferInfo . . .	P Near	 00000000 FLAT	Length= 00000000 External STDCALL
GetDateTime  . . . . . . . . . .	P Near	 00000000 FLAT	Length= 00000000 External STDCALL
GetFileTime  . . . . . . . . . .	P Near	 00000000 FLAT	Length= 00000000 External STDCALL
GetKeyState  . . . . . . . . . .	P Near	 00000000 FLAT	Length= 00000000 External STDCALL
GetLastError . . . . . . . . . .	P Near	 00000000 FLAT	Length= 00000000 External STDCALL
GetLocalTime . . . . . . . . . .	P Near	 00000000 FLAT	Length= 00000000 External STDCALL
GetMaxXY . . . . . . . . . . . .	P Near	 00000000 FLAT	Length= 00000000 External STDCALL
GetMseconds  . . . . . . . . . .	P Near	 00000000 FLAT	Length= 00000000 External STDCALL
GetNumberOfConsoleInputEvents  .	P Near	 00000000 FLAT	Length= 00000000 External STDCALL
GetProcessHeap . . . . . . . . .	P Near	 00000000 FLAT	Length= 00000000 External STDCALL
GetStdHandle . . . . . . . . . .	P Near	 00000000 FLAT	Length= 00000000 External STDCALL
GetSystemTime  . . . . . . . . .	P Near	 00000000 FLAT	Length= 00000000 External STDCALL
GetTextColor . . . . . . . . . .	P Near	 00000000 FLAT	Length= 00000000 External STDCALL
GetTickCount . . . . . . . . . .	P Near	 00000000 FLAT	Length= 00000000 External STDCALL
Gotoxy . . . . . . . . . . . . .	P Near	 00000000 FLAT	Length= 00000000 External STDCALL
HeapAlloc  . . . . . . . . . . .	P Near	 00000000 FLAT	Length= 00000000 External STDCALL
HeapCreate . . . . . . . . . . .	P Near	 00000000 FLAT	Length= 00000000 External STDCALL
HeapDestroy  . . . . . . . . . .	P Near	 00000000 FLAT	Length= 00000000 External STDCALL
HeapFree . . . . . . . . . . . .	P Near	 00000000 FLAT	Length= 00000000 External STDCALL
HeapSize . . . . . . . . . . . .	P Near	 00000000 FLAT	Length= 00000000 External STDCALL
Introduction . . . . . . . . . .	P Near	 0000011D _TEXT	Length= 0000002B Public STDCALL
  _introLoop . . . . . . . . . .	L Near	 0000012B _TEXT	
IsDigit  . . . . . . . . . . . .	P Near	 00000000 FLAT	Length= 00000000 External STDCALL
LocalFree  . . . . . . . . . . .	P Near	 00000000 FLAT	Length= 00000000 External STDCALL
MessageBoxA  . . . . . . . . . .	P Near	 00000000 FLAT	Length= 00000000 External STDCALL
MsgBoxAsk  . . . . . . . . . . .	P Near	 00000000 FLAT	Length= 00000000 External STDCALL
MsgBox . . . . . . . . . . . . .	P Near	 00000000 FLAT	Length= 00000000 External STDCALL
OpenInputFile  . . . . . . . . .	P Near	 00000000 FLAT	Length= 00000000 External STDCALL
ParseDecimal32 . . . . . . . . .	P Near	 00000000 FLAT	Length= 00000000 External STDCALL
ParseInteger32 . . . . . . . . .	P Near	 00000000 FLAT	Length= 00000000 External STDCALL
PeekConsoleInputA  . . . . . . .	P Near	 00000000 FLAT	Length= 00000000 External STDCALL
Random32 . . . . . . . . . . . .	P Near	 00000000 FLAT	Length= 00000000 External STDCALL
RandomRange  . . . . . . . . . .	P Near	 00000000 FLAT	Length= 00000000 External STDCALL
Randomize  . . . . . . . . . . .	P Near	 00000000 FLAT	Length= 00000000 External STDCALL
ReadChar . . . . . . . . . . . .	P Near	 00000000 FLAT	Length= 00000000 External STDCALL
ReadConsoleA . . . . . . . . . .	P Near	 00000000 FLAT	Length= 00000000 External STDCALL
ReadConsoleInputA  . . . . . . .	P Near	 00000000 FLAT	Length= 00000000 External STDCALL
ReadDec  . . . . . . . . . . . .	P Near	 00000000 FLAT	Length= 00000000 External STDCALL
ReadFile . . . . . . . . . . . .	P Near	 00000000 FLAT	Length= 00000000 External STDCALL
ReadFloat  . . . . . . . . . . .	P Near	 00000000 FLAT	Length= 00000000 External STDCALL
ReadFromFile . . . . . . . . . .	P Near	 00000000 FLAT	Length= 00000000 External STDCALL
ReadHex  . . . . . . . . . . . .	P Near	 00000000 FLAT	Length= 00000000 External STDCALL
ReadInt  . . . . . . . . . . . .	P Near	 00000000 FLAT	Length= 00000000 External STDCALL
ReadKeyFlush . . . . . . . . . .	P Near	 00000000 FLAT	Length= 00000000 External STDCALL
ReadKey  . . . . . . . . . . . .	P Near	 00000000 FLAT	Length= 00000000 External STDCALL
ReadString . . . . . . . . . . .	P Near	 00000000 FLAT	Length= 00000000 External STDCALL
ReadVal  . . . . . . . . . . . .	P Near	 00000148 _TEXT	Length= 0000009F Public STDCALL
  _getString . . . . . . . . . .	L Near	 0000014C _TEXT	
  _errorStart  . . . . . . . . .	L Near	 00000170 _TEXT	
  _validateString  . . . . . . .	L Near	 00000180 _TEXT	
  _anotherVal  . . . . . . . . .	L Near	 00000195 _TEXT	
  _errorGetString  . . . . . . .	L Near	 000001A1 _TEXT	
  _lastVal . . . . . . . . . . .	L Near	 000001DF _TEXT	
SetConsoleCursorInfo . . . . . .	P Near	 00000000 FLAT	Length= 00000000 External STDCALL
SetConsoleCursorPosition . . . .	P Near	 00000000 FLAT	Length= 00000000 External STDCALL
SetConsoleMode . . . . . . . . .	P Near	 00000000 FLAT	Length= 00000000 External STDCALL
SetConsoleScreenBufferSize . . .	P Near	 00000000 FLAT	Length= 00000000 External STDCALL
SetConsoleTextAttribute  . . . .	P Near	 00000000 FLAT	Length= 00000000 External STDCALL
SetConsoleTitleA . . . . . . . .	P Near	 00000000 FLAT	Length= 00000000 External STDCALL
SetConsoleWindowInfo . . . . . .	P Near	 00000000 FLAT	Length= 00000000 External STDCALL
SetFilePointer . . . . . . . . .	P Near	 00000000 FLAT	Length= 00000000 External STDCALL
SetLocalTime . . . . . . . . . .	P Near	 00000000 FLAT	Length= 00000000 External STDCALL
SetTextColor . . . . . . . . . .	P Near	 00000000 FLAT	Length= 00000000 External STDCALL
ShowFPUStack . . . . . . . . . .	P Near	 00000000 FLAT	Length= 00000000 External STDCALL
Sleep  . . . . . . . . . . . . .	P Near	 00000000 FLAT	Length= 00000000 External STDCALL
StrLength  . . . . . . . . . . .	P Near	 00000000 FLAT	Length= 00000000 External STDCALL
Str_compare  . . . . . . . . . .	P Near	 00000000 FLAT	Length= 00000000 External STDCALL
Str_copy . . . . . . . . . . . .	P Near	 00000000 FLAT	Length= 00000000 External STDCALL
Str_length . . . . . . . . . . .	P Near	 00000000 FLAT	Length= 00000000 External STDCALL
Str_trim . . . . . . . . . . . .	P Near	 00000000 FLAT	Length= 00000000 External STDCALL
Str_ucase  . . . . . . . . . . .	P Near	 00000000 FLAT	Length= 00000000 External STDCALL
SystemTimeToFileTime . . . . . .	P Near	 00000000 FLAT	Length= 00000000 External STDCALL
WaitMsg  . . . . . . . . . . . .	P Near	 00000000 FLAT	Length= 00000000 External STDCALL
WriteBinB  . . . . . . . . . . .	P Near	 00000000 FLAT	Length= 00000000 External STDCALL
WriteBin . . . . . . . . . . . .	P Near	 00000000 FLAT	Length= 00000000 External STDCALL
WriteChar  . . . . . . . . . . .	P Near	 00000000 FLAT	Length= 00000000 External STDCALL
WriteConsoleA  . . . . . . . . .	P Near	 00000000 FLAT	Length= 00000000 External STDCALL
WriteConsoleOutputAttribute  . .	P Near	 00000000 FLAT	Length= 00000000 External STDCALL
WriteConsoleOutputCharacterA . .	P Near	 00000000 FLAT	Length= 00000000 External STDCALL
WriteDec . . . . . . . . . . . .	P Near	 00000000 FLAT	Length= 00000000 External STDCALL
WriteFile  . . . . . . . . . . .	P Near	 00000000 FLAT	Length= 00000000 External STDCALL
WriteFloat . . . . . . . . . . .	P Near	 00000000 FLAT	Length= 00000000 External STDCALL
WriteHexB  . . . . . . . . . . .	P Near	 00000000 FLAT	Length= 00000000 External STDCALL
WriteHex . . . . . . . . . . . .	P Near	 00000000 FLAT	Length= 00000000 External STDCALL
WriteInt . . . . . . . . . . . .	P Near	 00000000 FLAT	Length= 00000000 External STDCALL
WriteStackFrameName  . . . . . .	P Near	 00000000 FLAT	Length= 00000000 External STDCALL
WriteStackFrame  . . . . . . . .	P Near	 00000000 FLAT	Length= 00000000 External STDCALL
WriteString  . . . . . . . . . .	P Near	 00000000 FLAT	Length= 00000000 External STDCALL
WriteToFile  . . . . . . . . . .	P Near	 00000000 FLAT	Length= 00000000 External STDCALL
WriteVal . . . . . . . . . . . .	P Near	 000001E7 _TEXT	Length= 00000044 Public STDCALL
  _convertBack . . . . . . . . .	L Near	 000001FD _TEXT	
WriteWindowsMsg  . . . . . . . .	P Near	 00000000 FLAT	Length= 00000000 External STDCALL
main . . . . . . . . . . . . . .	P Near	 00000000 _TEXT	Length= 0000011D Public STDCALL
  _10ReadValLoops  . . . . . . .	L Near	 0000003C _TEXT	
  loopingLooper  . . . . . . . .	L Near	 000000C0 _TEXT	
printf . . . . . . . . . . . . .	P Near	 00000000 FLAT	Length= 00000000 External C
scanf  . . . . . . . . . . . . .	P Near	 00000000 FLAT	Length= 00000000 External C
wsprintfA  . . . . . . . . . . .	P Near	 00000000 FLAT	Length= 00000000 External C


Symbols:

                N a m e                 Type     Value    Attr

@CodeSize  . . . . . . . . . . .	Number	 00000000h   
@DataSize  . . . . . . . . . . .	Number	 00000000h   
@Interface . . . . . . . . . . .	Number	 00000003h   
@Model . . . . . . . . . . . . .	Number	 00000007h   
@code  . . . . . . . . . . . . .	Text   	 _TEXT
@data  . . . . . . . . . . . . .	Text   	 FLAT
@fardata?  . . . . . . . . . . .	Text   	 FLAT
@fardata . . . . . . . . . . . .	Text   	 FLAT
@stack . . . . . . . . . . . . .	Text   	 FLAT
ALT_MASK . . . . . . . . . . . .	Number	 00000003h   
CAPSLOCK_ON  . . . . . . . . . .	Number	 00000080h   
CREATE_ALWAYS  . . . . . . . . .	Number	 00000002h   
CREATE_NEW . . . . . . . . . . .	Number	 00000001h   
CTRL_MASK  . . . . . . . . . . .	Number	 0000000Ch   
CreateFile . . . . . . . . . . .	Text   	 CreateFileA
DO_NOT_SHARE . . . . . . . . . .	Number	 00000000h   
ENABLE_ECHO_INPUT  . . . . . . .	Number	 00000004h   
ENABLE_LINE_INPUT  . . . . . . .	Number	 00000002h   
ENABLE_MOUSE_INPUT . . . . . . .	Number	 00000010h   
ENABLE_PROCESSED_INPUT . . . . .	Number	 00000001h   
ENABLE_PROCESSED_OUTPUT  . . . .	Number	 00000001h   
ENABLE_WINDOW_INPUT  . . . . . .	Number	 00000008h   
ENABLE_WRAP_AT_EOL_OUTPUT  . . .	Number	 00000002h   
ENHANCED_KEY . . . . . . . . . .	Number	 00000100h   
FALSE  . . . . . . . . . . . . .	Number	 00000000h   
FILE_APPEND_DATA . . . . . . . .	Number	 00000004h   
FILE_ATTRIBUTE_ARCHIVE . . . . .	Number	 00000020h   
FILE_ATTRIBUTE_COMPRESSED  . . .	Number	 00000800h   
FILE_ATTRIBUTE_DEVICE  . . . . .	Number	 00000040h   
FILE_ATTRIBUTE_DIRECTORY . . . .	Number	 00000010h   
FILE_ATTRIBUTE_ENCRYPTED . . . .	Number	 00004000h   
FILE_ATTRIBUTE_HIDDEN  . . . . .	Number	 00000002h   
FILE_ATTRIBUTE_NORMAL  . . . . .	Number	 00000080h   
FILE_ATTRIBUTE_NOT_CONTENT_INDEXED .	Number	 00002000h   
FILE_ATTRIBUTE_OFFLINE . . . . .	Number	 00001000h   
FILE_ATTRIBUTE_READONLY  . . . .	Number	 00000001h   
FILE_ATTRIBUTE_REPARSE_POINT . .	Number	 00000400h   
FILE_ATTRIBUTE_SPARSE_FILE . . .	Number	 00000200h   
FILE_ATTRIBUTE_SYSTEM  . . . . .	Number	 00000004h   
FILE_ATTRIBUTE_TEMPORARY . . . .	Number	 00000100h   
FILE_BEGIN . . . . . . . . . . .	Number	 00000000h   
FILE_CURRENT . . . . . . . . . .	Number	 00000001h   
FILE_DELETE_CHILD  . . . . . . .	Number	 00000040h   
FILE_END . . . . . . . . . . . .	Number	 00000002h   
FILE_READ_DATA . . . . . . . . .	Number	 00000001h   
FILE_SHARE_DELETE  . . . . . . .	Number	 00000004h   
FILE_SHARE_READ  . . . . . . . .	Number	 00000001h   
FILE_SHARE_WRITE . . . . . . . .	Number	 00000002h   
FILE_WRITE_DATA  . . . . . . . .	Number	 00000002h   
FOCUS_EVENT  . . . . . . . . . .	Number	 00000010h   
FORMAT_MESSAGE_ALLOCATE_BUFFER .	Number	 00000100h   
FORMAT_MESSAGE_FROM_SYSTEM . . .	Number	 00001000h   
FormatMessage  . . . . . . . . .	Text   	 FormatMessageA
GENERIC_ALL  . . . . . . . . . .	Number	 10000000h   
GENERIC_EXECUTE  . . . . . . . .	Number	 20000000h   
GENERIC_READ . . . . . . . . . .	Number	 -80000000h   
GENERIC_WRITE  . . . . . . . . .	Number	 40000000h   
GetCommandLine . . . . . . . . .	Text   	 GetCommandLineA
HANDLE . . . . . . . . . . . . .	Text   	 DWORD
HEAP_GENERATE_EXCEPTIONS . . . .	Number	 00000004h   
HEAP_GROWABLE  . . . . . . . . .	Number	 00000002h   
HEAP_NO_SERIALIZE  . . . . . . .	Number	 00000001h   
HEAP_REALLOC_IN_PLACE_ONLY . . .	Number	 00000010h   
HEAP_ZERO_MEMORY . . . . . . . .	Number	 00000008h   
IDABORT  . . . . . . . . . . . .	Number	 00000003h   
IDCANCEL . . . . . . . . . . . .	Number	 00000002h   
IDCLOSE  . . . . . . . . . . . .	Number	 00000008h   
IDCONTINUE . . . . . . . . . . .	Number	 0000000Bh   
IDHELP . . . . . . . . . . . . .	Number	 00000009h   
IDIGNORE . . . . . . . . . . . .	Number	 00000005h   
IDNO . . . . . . . . . . . . . .	Number	 00000007h   
IDOK . . . . . . . . . . . . . .	Number	 00000001h   
IDRETRY  . . . . . . . . . . . .	Number	 00000004h   
IDTIMEOUT  . . . . . . . . . . .	Number	 00007D00h   
IDTRYAGAIN . . . . . . . . . . .	Number	 0000000Ah   
IDYES  . . . . . . . . . . . . .	Number	 00000006h   
INVALID_HANDLE_VALUE . . . . . .	Number	 -00000001h   
KBDOWN_FLAG  . . . . . . . . . .	Number	 00000001h   
KEY_EVENT  . . . . . . . . . . .	Number	 00000001h   
KEY_MASKS  . . . . . . . . . . .	Number	 0000001Fh   
LEFT_ALT_PRESSED . . . . . . . .	Number	 00000002h   
LEFT_CTRL_PRESSED  . . . . . . .	Number	 00000008h   
MB_ABORTRETRYIGNORE  . . . . . .	Number	 00000002h   
MB_APPLMODAL . . . . . . . . . .	Number	 00000000h   
MB_CANCELTRYCONTINUE . . . . . .	Number	 00000006h   
MB_DEFBUTTON1  . . . . . . . . .	Number	 00000000h   
MB_DEFBUTTON2  . . . . . . . . .	Number	 00000100h   
MB_DEFBUTTON3  . . . . . . . . .	Number	 00000200h   
MB_DEFBUTTON4  . . . . . . . . .	Number	 00000300h   
MB_HELP  . . . . . . . . . . . .	Number	 00004000h   
MB_ICONASTERISK  . . . . . . . .	Number	 00000040h   
MB_ICONERROR . . . . . . . . . .	Number	 00000010h   
MB_ICONEXCLAMATION . . . . . . .	Number	 00000030h   
MB_ICONHAND  . . . . . . . . . .	Number	 00000010h   
MB_ICONINFORMATION . . . . . . .	Number	 00000040h   
MB_ICONQUESTION  . . . . . . . .	Number	 00000020h   
MB_ICONSTOP  . . . . . . . . . .	Number	 00000010h   
MB_ICONWARNING . . . . . . . . .	Number	 00000030h   
MB_OKCANCEL  . . . . . . . . . .	Number	 00000001h   
MB_OK  . . . . . . . . . . . . .	Number	 00000000h   
MB_RETRYCANCEL . . . . . . . . .	Number	 00000005h   
MB_SYSTEMMODAL . . . . . . . . .	Number	 00001000h   
MB_TASKMODAL . . . . . . . . . .	Number	 00002000h   
MB_USERICON  . . . . . . . . . .	Number	 00000080h   
MB_YESNOCANCEL . . . . . . . . .	Number	 00000003h   
MB_YESNO . . . . . . . . . . . .	Number	 00000004h   
MENU_EVENT . . . . . . . . . . .	Number	 00000008h   
MOUSE_EVENT  . . . . . . . . . .	Number	 00000002h   
MessageBox . . . . . . . . . . .	Text   	 MessageBoxA
NULL . . . . . . . . . . . . . .	Number	 00000000h   
NUMLOCK_ON . . . . . . . . . . .	Number	 00000020h   
OPEN_ALWAYS  . . . . . . . . . .	Number	 00000004h   
OPEN_EXISTING  . . . . . . . . .	Number	 00000003h   
PeekConsoleInput . . . . . . . .	Text   	 PeekConsoleInputA
RIGHT_ALT_PRESSED  . . . . . . .	Number	 00000001h   
RIGHT_CTRL_PRESSED . . . . . . .	Number	 00000004h   
ReadConsoleInput . . . . . . . .	Text   	 ReadConsoleInputA
ReadConsole  . . . . . . . . . .	Text   	 ReadConsoleA
SCROLLLOCK_ON  . . . . . . . . .	Number	 00000040h   
SHIFT_MASK . . . . . . . . . . .	Number	 00000010h   
SHIFT_PRESSED  . . . . . . . . .	Number	 00000010h   
STD_ERROR_HANDLE . . . . . . . .	Number	 -0000000Ch   
STD_INPUT_HANDLE . . . . . . . .	Number	 -0000000Ah   
STD_OUTPUT_HANDLE  . . . . . . .	Number	 -0000000Bh   
SetConsoleTitle  . . . . . . . .	Text   	 SetConsoleTitleA
TAB  . . . . . . . . . . . . . .	Number	 00000009h   
TRUE . . . . . . . . . . . . . .	Number	 00000001h   
TRUNCATE_EXISTING  . . . . . . .	Number	 00000005h   
VK_11  . . . . . . . . . . . . .	Number	 000000BDh   
VK_12  . . . . . . . . . . . . .	Number	 000000BBh   
VK_ADD . . . . . . . . . . . . .	Number	 0000006Bh   
VK_BACK  . . . . . . . . . . . .	Number	 00000008h   
VK_CANCEL  . . . . . . . . . . .	Number	 00000003h   
VK_CAPITAL . . . . . . . . . . .	Number	 00000014h   
VK_CLEAR . . . . . . . . . . . .	Number	 0000000Ch   
VK_CONTROL . . . . . . . . . . .	Number	 00000011h   
VK_DECIMAL . . . . . . . . . . .	Number	 0000006Eh   
VK_DELETE  . . . . . . . . . . .	Number	 0000002Eh   
VK_DIVIDE  . . . . . . . . . . .	Number	 0000006Fh   
VK_DOWN  . . . . . . . . . . . .	Number	 00000028h   
VK_END . . . . . . . . . . . . .	Number	 00000023h   
VK_ESCAPE  . . . . . . . . . . .	Number	 0000001Bh   
VK_EXECUTE . . . . . . . . . . .	Number	 0000002Bh   
VK_F10 . . . . . . . . . . . . .	Number	 00000079h   
VK_F11 . . . . . . . . . . . . .	Number	 0000007Ah   
VK_F12 . . . . . . . . . . . . .	Number	 0000007Bh   
VK_F13 . . . . . . . . . . . . .	Number	 0000007Ch   
VK_F14 . . . . . . . . . . . . .	Number	 0000007Dh   
VK_F15 . . . . . . . . . . . . .	Number	 0000007Eh   
VK_F16 . . . . . . . . . . . . .	Number	 0000007Fh   
VK_F17 . . . . . . . . . . . . .	Number	 00000080h   
VK_F18 . . . . . . . . . . . . .	Number	 00000081h   
VK_F19 . . . . . . . . . . . . .	Number	 00000082h   
VK_F1  . . . . . . . . . . . . .	Number	 00000070h   
VK_F20 . . . . . . . . . . . . .	Number	 00000083h   
VK_F21 . . . . . . . . . . . . .	Number	 00000084h   
VK_F22 . . . . . . . . . . . . .	Number	 00000085h   
VK_F23 . . . . . . . . . . . . .	Number	 00000086h   
VK_F24 . . . . . . . . . . . . .	Number	 00000087h   
VK_F2  . . . . . . . . . . . . .	Number	 00000071h   
VK_F3  . . . . . . . . . . . . .	Number	 00000072h   
VK_F4  . . . . . . . . . . . . .	Number	 00000073h   
VK_F5  . . . . . . . . . . . . .	Number	 00000074h   
VK_F6  . . . . . . . . . . . . .	Number	 00000075h   
VK_F7  . . . . . . . . . . . . .	Number	 00000076h   
VK_F8  . . . . . . . . . . . . .	Number	 00000077h   
VK_F9  . . . . . . . . . . . . .	Number	 00000078h   
VK_HELP  . . . . . . . . . . . .	Number	 0000002Fh   
VK_HOME  . . . . . . . . . . . .	Number	 00000024h   
VK_INSERT  . . . . . . . . . . .	Number	 0000002Dh   
VK_LBUTTON . . . . . . . . . . .	Number	 00000001h   
VK_LCONTROL  . . . . . . . . . .	Number	 000000A2h   
VK_LEFT  . . . . . . . . . . . .	Number	 00000025h   
VK_LMENU . . . . . . . . . . . .	Number	 000000A4h   
VK_LSHIFT  . . . . . . . . . . .	Number	 000000A0h   
VK_MENU  . . . . . . . . . . . .	Number	 00000012h   
VK_MULTIPLY  . . . . . . . . . .	Number	 0000006Ah   
VK_NEXT  . . . . . . . . . . . .	Number	 00000022h   
VK_NUMLOCK . . . . . . . . . . .	Number	 00000090h   
VK_NUMPAD0 . . . . . . . . . . .	Number	 00000060h   
VK_NUMPAD1 . . . . . . . . . . .	Number	 00000061h   
VK_NUMPAD2 . . . . . . . . . . .	Number	 00000062h   
VK_NUMPAD3 . . . . . . . . . . .	Number	 00000063h   
VK_NUMPAD4 . . . . . . . . . . .	Number	 00000064h   
VK_NUMPAD5 . . . . . . . . . . .	Number	 00000065h   
VK_NUMPAD6 . . . . . . . . . . .	Number	 00000066h   
VK_NUMPAD7 . . . . . . . . . . .	Number	 00000067h   
VK_NUMPAD8 . . . . . . . . . . .	Number	 00000068h   
VK_NUMPAD9 . . . . . . . . . . .	Number	 00000069h   
VK_PAUSE . . . . . . . . . . . .	Number	 00000013h   
VK_PRINT . . . . . . . . . . . .	Number	 0000002Ah   
VK_PRIOR . . . . . . . . . . . .	Number	 00000021h   
VK_RBUTTON . . . . . . . . . . .	Number	 00000002h   
VK_RCONTROL  . . . . . . . . . .	Number	 000000A3h   
VK_RETURN  . . . . . . . . . . .	Number	 0000000Dh   
VK_RIGHT . . . . . . . . . . . .	Number	 00000027h   
VK_RMENU . . . . . . . . . . . .	Number	 000000A5h   
VK_RSHIFT  . . . . . . . . . . .	Number	 000000A1h   
VK_SCROLL  . . . . . . . . . . .	Number	 00000091h   
VK_SEPARATER . . . . . . . . . .	Number	 0000006Ch   
VK_SHIFT . . . . . . . . . . . .	Number	 00000010h   
VK_SNAPSHOT  . . . . . . . . . .	Number	 0000002Ch   
VK_SPACE . . . . . . . . . . . .	Number	 00000020h   
VK_SUBTRACT  . . . . . . . . . .	Number	 0000006Dh   
VK_TAB . . . . . . . . . . . . .	Number	 00000009h   
VK_UP  . . . . . . . . . . . . .	Number	 00000026h   
WINDOW_BUFFER_SIZE_EVENT . . . .	Number	 00000004h   
WriteConsoleOutputCharacter  . .	Text   	 WriteConsoleOutputCharacterA
WriteConsole . . . . . . . . . .	Text   	 WriteConsoleA
black  . . . . . . . . . . . . .	Number	 00000000h   
blue . . . . . . . . . . . . . .	Number	 00000001h   
brown  . . . . . . . . . . . . .	Number	 00000006h   
collected_string . . . . . . . .	Byte	 00000619 _DATA	
converted_int  . . . . . . . . .	DWord	 0000064F _DATA	
cyan . . . . . . . . . . . . . .	Number	 00000003h   
display_message_1  . . . . . . .	Byte	 00000463 _DATA	
display_message_2  . . . . . . .	Byte	 000004B0 _DATA	
exit . . . . . . . . . . . . . .	Text   	 INVOKE ExitProcess,0
farewell_message . . . . . . . .	Byte	 000005A9 _DATA	
gray . . . . . . . . . . . . . .	Number	 00000008h   
green  . . . . . . . . . . . . .	Number	 00000002h   
instruction_0  . . . . . . . . .	Byte	 00000084 _DATA	
instruction_1  . . . . . . . . .	Byte	 000000DE _DATA	
instruction_2  . . . . . . . . .	Byte	 00000170 _DATA	
instruction_3  . . . . . . . . .	Byte	 0000018B _DATA	
instruction_4  . . . . . . . . .	Byte	 000001FD _DATA	
instruction_5  . . . . . . . . .	Byte	 0000026C _DATA	
instruction_6  . . . . . . . . .	Byte	 000002C3 _DATA	
introduction_1 . . . . . . . . .	Byte	 00000000 _DATA	
introduction_2 . . . . . . . . .	Byte	 00000036 _DATA	
lightBlue  . . . . . . . . . . .	Number	 00000009h   
lightCyan  . . . . . . . . . . .	Number	 0000000Bh   
lightGray  . . . . . . . . . . .	Number	 00000007h   
lightGreen . . . . . . . . . . .	Number	 0000000Ah   
lightMagenta . . . . . . . . . .	Number	 0000000Dh   
lightRed . . . . . . . . . . . .	Number	 0000000Ch   
list_display_message . . . . . .	Byte	 00000521 _DATA	
magenta  . . . . . . . . . . . .	Number	 00000005h   
mean_message . . . . . . . . . .	Byte	 00000576 _DATA	
red  . . . . . . . . . . . . . .	Number	 00000004h   
store_array  . . . . . . . . . .	DWord	 00000653 _DATA	
string_byte_counter  . . . . . .	DWord	 0000064B _DATA	
sum_message  . . . . . . . . . .	Byte	 0000055B _DATA	
user_error_message . . . . . . .	Byte	 000003A4 _DATA	
user_error_prompt  . . . . . . .	Byte	 00000416 _DATA	
user_prompt_1  . . . . . . . . .	Byte	 0000035A _DATA	
white  . . . . . . . . . . . . .	Number	 0000000Fh   
wsprintf . . . . . . . . . . . .	Text   	 wsprintfA
yellow . . . . . . . . . . . . .	Number	 0000000Eh   

	   0 Warnings
	   4 Errors
